TRACE:0: calling pi code
TRACE: pi exited cleanly: 7 calls to random
